START | Tool=NWB_PARAMETERS AutoFill
START | View=MECHANICAL DUCTWORK LAYOUT - LEVEL 04
START | ViewId=9422962
START | ViewMode=model
START | WriteMode=smart
START | ParameterTargetMode=Both
START | WorksharingMode=skip-other-users
START | ProcessingScope=selection
START | SelectedInputCount=7
START | ArchRoomLink=NWB-ARC-WBH-AR-MOD-0032.rvt : 22 : location Internal
START | SiteOverride=WBH
START | BuildingOverride=WBH
START | DesignPkgOverride=
START | BuildingPermitOverride=
START | ExportAudit=False
WORKBOOK | C:\Users\Gino Moreno\AppData\Roaming\pyRevit\Extensions\MHTTools.extension\MEINHARDT.tab\NWB.panel\NWB Dim AutoFill.pushbutton\NWB-WAL-GEN-DE-REG-0003.xlsx
READY | Full MEP set accepted: 7 elements in batches of 2000
READY | Elements=7 | AssetRows=1464 | Log=C:\Users\Gino Moreno\AppData\Roaming\pyRevit\Extensions\MHTTools.extension\MEINHARDT.tab\NWB.panel\NWB_PARAMETERS AutoFill.pushbutton\logs\NWB_PARAMETERS_AutoFill_20260820_234926.log
READY | CategoryBreakdown=Air Terminals=2; Ducts=1; Flex Ducts=4
READY | EligibleElementIds=14429344, 14429345, 14733025, 15239768, 15239772, 15239776, 15239780
INFO | Candidate: NWB_AssetTypeCode | Scope=instance | Storage=String | ReadOnly=False | Shared=True | Id=7626182
INFO | Candidate: NWB_AssetID | Scope=instance | Storage=String | ReadOnly=False | Shared=True | Id=7626164
INFO | Candidate: NWB_AssetType | Scope=instance | Storage=String | ReadOnly=False | Shared=True | Id=7626181
INFO | Candidate: NWB_Discipline | Scope=instance | Storage=String | ReadOnly=False | Shared=True | Id=7626159
INFO | Candidate: NWB_Category | Scope=instance | Storage=String | ReadOnly=False | Shared=True | Id=7626160
INFO | Candidate: NWB_Department | Scope=instance | Storage=String | ReadOnly=False | Shared=True | Id=7626168
INFO | Candidate: NWB_SubDepartment | Scope=instance | Storage=String | ReadOnly=False | Shared=True | Id=7626178
INFO | Candidate: NWB_RoomID | Scope=instance | Storage=String | ReadOnly=False | Shared=True | Id=7626177
INFO | Candidate: NWB_RoomName | Scope=instance | Storage=String | ReadOnly=False | Shared=True | Id=7626169
INFO | Candidate: NWB_System | Scope=instance | Storage=String | ReadOnly=False | Shared=True | Id=7626163
INFO | Candidate: NWB_UniclassCode | Scope=instance | Storage=String | ReadOnly=False | Shared=True | Id=7626165
INFO | Candidate: NWB_UniclassDescription | Scope=instance | Storage=String | ReadOnly=False | Shared=True | Id=7626166
INFO | Candidate: NWB_DesignPkg | Scope=instance | Storage=String | ReadOnly=False | Shared=True | Id=7626167
ERROR | Element 14429344 | Category=Air Terminals | Family= | Parameter=NWB_BuildingPermitPkg | Reason=missing | Writable sample: AHU_AreaServed, AHU_Serves, AHU_Type, AHU_ZoneNumber, AQ, Building_No, COMPLETE Y/N, Classification.UniFormat.2010.Description, Classification.UniFormat.2010.Number, Comments, Elevation from Level, Export to IFC, Export to IFC As, Family, Family and Type, Flow, IFC Predefined Type, IfcGUID, Image, Legend Description
INFO | Candidate: NWB_WBS00 | Scope=instance | Storage=String | ReadOnly=False | Shared=True | Id=9214738
INFO | Candidate: NWB_WBS01 | Scope=instance | Storage=String | ReadOnly=False | Shared=True | Id=9214798
INFO | Candidate: NWB_WBS02 | Scope=instance | Storage=String | ReadOnly=False | Shared=True | Id=9214786
INFO | Candidate: NWB_WBS03 | Scope=instance | Storage=String | ReadOnly=False | Shared=True | Id=9214750
INFO | Candidate: NWB_WBS04 | Scope=instance | Storage=String | ReadOnly=False | Shared=True | Id=9214762
INFO | Candidate: NWB_WBS05 | Scope=instance | Storage=String | ReadOnly=False | Shared=True | Id=9214810
INFO | Candidate: NWB_WBSCode | Scope=instance | Storage=String | ReadOnly=False | Shared=True | Id=9214774
SOURCE | Element 14429344 | Cat=Air Terminals | Family=MHT_AT_S Air Diff Swirl | Type= | Level=LEVEL 04 | System=Supply Air | LinkedRoomLink=NWB-ARC-WBH-AR-MOD-0033 | LinkedRoomNumber=WBH-W-04-149 | LinkedRoomName=Neonatal Bay, Intensive Care/High Dependency | LinkedRoomDept=NEO | LinkedRoomBuilding= | LinkedRoomSite= | LinkedRoomSource=self | ResolvedDept=NEO | ResolvedBuilding=NBIC-HD | ResolvedSite= | DisciplineHint=mechanical | AssetCandidates=air terminals, air terminal | WBS00=WBH | WBS01=HO | WBS03=NEO | DesignPkg=NWB-GEN-ME-SCM-1091-A | BuildingPermitPkg=WBH - BP09
ELEMENT | 14429344 | Cat=Air Terminals | AssetScore=36 | AssetTypeCode=MAGS | AssetType=Air Grilles | AssetCategory=Air Terminal | Targets=NWB_AssetTypeCode=MAGS; NWB_AssetID=MAGS-HO-04-14429344; NWB_AssetType=Air Grilles; NWB_Discipline=ME; NWB_Category=Air Terminal; NWB_Department=NEO; NWB_SubDepartment=03; NWB_RoomID=WBH-W-04-149; NWB_RoomName=Neonatal Bay, Intensive Care/High Dependency; NWB_Material=; NWB_System=Supply Air; NWB_UniclassCode=Pr_70_65_04_03; NWB_UniclassDescription=Air grilles; NWB_DesignPkg=NWB-GEN-ME-SCM-1091-A; NWB_BuildingPermitPkg=WBH - BP09; NWB_WBS00=WBH; NWB_WBS01=HO; NWB_WBS02=04; NWB_WBS03=NEO; NWB_WBS04=ME; NWB_WBS05=SI5; NWB_WBSCode=WBH-HO-04-NEO-ME-SI5
INFO | Candidate: NWB_AssetTypeCode | Scope=instance | Storage=String | ReadOnly=False | Shared=True | Id=7626182
INFO | Candidate: NWB_AssetID | Scope=instance | Storage=String | ReadOnly=False | Shared=True | Id=7626164
INFO | Candidate: NWB_AssetType | Scope=instance | Storage=String | ReadOnly=False | Shared=True | Id=7626181
INFO | Candidate: NWB_Discipline | Scope=instance | Storage=String | ReadOnly=False | Shared=True | Id=7626159
INFO | Candidate: NWB_Category | Scope=instance | Storage=String | ReadOnly=False | Shared=True | Id=7626160
INFO | Candidate: NWB_RoomID | Scope=instance | Storage=String | ReadOnly=False | Shared=True | Id=7626177
INFO | Writing INSTANCE parameter 'NWB_RoomID' on element 14429345
INFO | Element 14429345 | NWB_RoomID | Kind=Shared Parameter | Scope=instance | Storage=String | Old='' | New='804'
INFO | Candidate: NWB_RoomName | Scope=instance | Storage=String | ReadOnly=False | Shared=True | Id=7626169
INFO | Writing INSTANCE parameter 'NWB_RoomName' on element 14429345
INFO | Element 14429345 | NWB_RoomName | Kind=Shared Parameter | Scope=instance | Storage=String | Old='' | New='Room'
INFO | Candidate: NWB_System | Scope=instance | Storage=String | ReadOnly=False | Shared=True | Id=7626163
INFO | Candidate: NWB_UniclassCode | Scope=instance | Storage=String | ReadOnly=False | Shared=True | Id=7626165
INFO | Candidate: NWB_UniclassDescription | Scope=instance | Storage=String | ReadOnly=False | Shared=True | Id=7626166
INFO | Candidate: NWB_DesignPkg | Scope=instance | Storage=String | ReadOnly=False | Shared=True | Id=7626167
ERROR | Element 14429345 | Category=Air Terminals | Family= | Parameter=NWB_BuildingPermitPkg | Reason=missing | Writable sample: AHU_AreaServed, AHU_Serves, AHU_Type, AHU_ZoneNumber, AQ, Building_No, COMPLETE Y/N, Classification.UniFormat.2010.Description, Classification.UniFormat.2010.Number, Comments, Elevation from Level, Export to IFC, Export to IFC As, Family, Family and Type, Flow, IFC Predefined Type, IfcGUID, Image, Legend Description
INFO | Candidate: NWB_WBS00 | Scope=instance | Storage=String | ReadOnly=False | Shared=True | Id=9214738
INFO | Candidate: NWB_WBS01 | Scope=instance | Storage=String | ReadOnly=False | Shared=True | Id=9214798
INFO | Candidate: NWB_WBS02 | Scope=instance | Storage=String | ReadOnly=False | Shared=True | Id=9214786
INFO | Candidate: NWB_WBS03 | Scope=instance | Storage=String | ReadOnly=False | Shared=True | Id=9214750
INFO | Candidate: NWB_WBS04 | Scope=instance | Storage=String | ReadOnly=False | Shared=True | Id=9214762
INFO | Candidate: NWB_WBS05 | Scope=instance | Storage=String | ReadOnly=False | Shared=True | Id=9214810
INFO | Candidate: NWB_WBSCode | Scope=instance | Storage=String | ReadOnly=False | Shared=True | Id=9214774
SOURCE | Element 14429345 | Cat=Air Terminals | Family=MHT_AT_S Air Diff Swirl | Type= | Level=LEVEL 04 | System=Supply Air | LinkedRoomLink=NWB-MHT-WBH-EL-MOD-0001 | LinkedRoomNumber=804 | LinkedRoomName=Room | LinkedRoomDept= | LinkedRoomBuilding= | LinkedRoomSite= | LinkedRoomSource=self | ResolvedDept= | ResolvedBuilding=Room | ResolvedSite= | DisciplineHint=mechanical | AssetCandidates=air terminals, air terminal | WBS00=WBH | WBS01=HO | WBS03=Z00 | DesignPkg=NWB-GEN-ME-SCM-1091-A | BuildingPermitPkg=WBH - BP09
WARN | Element 14429345 | Department unresolved | ExistingNWBDepartment= | ExistingWBS00=WBH | ExistingWBS01=HO | ExistingDiscipline=ME
ELEMENT | 14429345 | Cat=Air Terminals | AssetScore=36 | AssetTypeCode=MAGS | AssetType=Air Grilles | AssetCategory=Air Terminal | Targets=NWB_AssetTypeCode=MAGS; NWB_AssetID=MAGS-HO-04-14429345; NWB_AssetType=Air Grilles; NWB_Discipline=ME; NWB_Category=Air Terminal; NWB_Department=; NWB_SubDepartment=; NWB_RoomID=804; NWB_RoomName=Room; NWB_Material=; NWB_System=Supply Air; NWB_UniclassCode=Pr_70_65_04_03; NWB_UniclassDescription=Air grilles; NWB_DesignPkg=NWB-GEN-ME-SCM-1091-A; NWB_BuildingPermitPkg=WBH - BP09; NWB_WBS00=WBH; NWB_WBS01=HO; NWB_WBS02=04; NWB_WBS03=Z00; NWB_WBS04=ME; NWB_WBS05=SI5; NWB_WBSCode=WBH-HO-04-Z00-ME-SI5
INFO | Candidate: NWB_AssetTypeCode | Scope=instance | Storage=String | ReadOnly=False | Shared=True | Id=7626182
INFO | Candidate: NWB_AssetID | Scope=instance | Storage=String | ReadOnly=False | Shared=True | Id=7626164
INFO | Candidate: NWB_AssetType | Scope=instance | Storage=String | ReadOnly=False | Shared=True | Id=7626181
INFO | Candidate: NWB_Discipline | Scope=instance | Storage=String | ReadOnly=False | Shared=True | Id=7626159
INFO | Candidate: NWB_Category | Scope=instance | Storage=String | ReadOnly=False | Shared=True | Id=7626160
INFO | Candidate: NWB_Department | Scope=instance | Storage=String | ReadOnly=False | Shared=True | Id=7626168
INFO | Candidate: NWB_SubDepartment | Scope=instance | Storage=String | ReadOnly=False | Shared=True | Id=7626178
INFO | Candidate: NWB_RoomID | Scope=instance | Storage=String | ReadOnly=False | Shared=True | Id=7626177
INFO | Writing INSTANCE parameter 'NWB_RoomID' on element 14733025
INFO | Element 14733025 | NWB_RoomID | Kind=Shared Parameter | Scope=instance | Storage=String | Old='WBH-W-04-149' | New='800'
INFO | Candidate: NWB_RoomName | Scope=instance | Storage=String | ReadOnly=False | Shared=True | Id=7626169
INFO | Writing INSTANCE parameter 'NWB_RoomName' on element 14733025
INFO | Element 14733025 | NWB_RoomName | Kind=Shared Parameter | Scope=instance | Storage=String | Old='Neonatal Bay, Intensive Care/High Dependency' | New='Room'
INFO | Candidate: NWB_System | Scope=instance | Storage=String | ReadOnly=False | Shared=True | Id=7626163
INFO | Candidate: NWB_UniclassCode | Scope=instance | Storage=String | ReadOnly=False | Shared=True | Id=7626165
INFO | Candidate: NWB_UniclassDescription | Scope=instance | Storage=String | ReadOnly=False | Shared=True | Id=7626166
INFO | Candidate: NWB_DesignPkg | Scope=instance | Storage=String | ReadOnly=False | Shared=True | Id=7626167
ERROR | Element 14733025 | Category=Ducts | Family= | Parameter=NWB_BuildingPermitPkg | Reason=missing | Writable sample: AHU, AHU_AreaServed, AHU_Serves, AHU_Type, AHU_ZoneNumber, Building_No, COMPLETE Y/N, Classification.OmniClass.21.Description_INSTANCE, Classification.OmniClass.21.Number_INSTANCE, Classification.OmniClass.22.Description_INSTANCE, Classification.OmniClass.22.Number_INSTANCE, Classification.OmniClass.23.Description_INSTANCE, Classification.OmniClass.23.Number_INSTANCE, Classification.UniFormat.2010.Description, Classification.UniFormat.2010.Number, Comments, DUCT NUMBER, Description BOM Suffix, Duct Number, Ductwork Insulation - Lining
INFO | Candidate: NWB_WBS00 | Scope=instance | Storage=String | ReadOnly=False | Shared=True | Id=9214738
INFO | Candidate: NWB_WBS01 | Scope=instance | Storage=String | ReadOnly=False | Shared=True | Id=9214798
INFO | Candidate: NWB_WBS02 | Scope=instance | Storage=String | ReadOnly=False | Shared=True | Id=9214786
INFO | Candidate: NWB_WBS03 | Scope=instance | Storage=String | ReadOnly=False | Shared=True | Id=9214750
INFO | Candidate: NWB_WBS04 | Scope=instance | Storage=String | ReadOnly=False | Shared=True | Id=9214762
INFO | Candidate: NWB_WBS05 | Scope=instance | Storage=String | ReadOnly=False | Shared=True | Id=9214810
INFO | Candidate: NWB_WBSCode | Scope=instance | Storage=String | ReadOnly=False | Shared=True | Id=9214774
SOURCE | Element 14733025 | Cat=Ducts | Family=Rectangular Duct | Type= | Level=LEVEL 04 | System=Supply Air | LinkedRoomLink=NWB-MHT-WBH-EL-MOD-0001 | LinkedRoomNumber=800 | LinkedRoomName=Room | LinkedRoomDept= | LinkedRoomBuilding= | LinkedRoomSite= | LinkedRoomSource=self | ResolvedDept=NEO | ResolvedBuilding= | ResolvedSite= | DisciplineHint=mechanical | AssetCandidates=ducts, ductwork | WBS00=WBH | WBS01=HO | WBS03=NEO | DesignPkg=NWB-GEN-ME-SCM-1091-A | BuildingPermitPkg=WBH - BP09
ELEMENT | 14733025 | Cat=Ducts | AssetScore=45 | AssetTypeCode=MDUC | AssetType=Ductwork | AssetCategory=Ductwork | Targets=NWB_AssetTypeCode=MDUC; NWB_AssetID=MDUC-HO-04-14733025; NWB_AssetType=Ductwork; NWB_Discipline=ME; NWB_Category=Ductwork; NWB_Department=NEO; NWB_SubDepartment=03; NWB_RoomID=800; NWB_RoomName=Room; NWB_Material=; NWB_System=Supply Air; NWB_UniclassCode=Pr_65_65_25; NWB_UniclassDescription=Ductwork and fittings; NWB_DesignPkg=NWB-GEN-ME-SCM-1091-A; NWB_BuildingPermitPkg=WBH - BP09; NWB_WBS00=WBH; NWB_WBS01=HO; NWB_WBS02=04; NWB_WBS03=NEO; NWB_WBS04=ME; NWB_WBS05=SI5; NWB_WBSCode=WBH-HO-04-NEO-ME-SI5
INFO | Candidate: NWB_AssetTypeCode | Scope=instance | Storage=String | ReadOnly=False | Shared=True | Id=7626182
INFO | Candidate: NWB_AssetID | Scope=instance | Storage=String | ReadOnly=False | Shared=True | Id=7626164
INFO | Candidate: NWB_AssetType | Scope=instance | Storage=String | ReadOnly=False | Shared=True | Id=7626181
INFO | Candidate: NWB_Discipline | Scope=instance | Storage=String | ReadOnly=False | Shared=True | Id=7626159
INFO | Candidate: NWB_Category | Scope=instance | Storage=String | ReadOnly=False | Shared=True | Id=7626160
INFO | Candidate: NWB_Department | Scope=instance | Storage=String | ReadOnly=False | Shared=True | Id=7626168
INFO | Writing INSTANCE parameter 'NWB_Department' on element 15239768
INFO | Element 15239768 | NWB_Department | Kind=Shared Parameter | Scope=instance | Storage=String | Old='NEO' | New='Labour & Birth Suite'
INFO | Candidate: NWB_SubDepartment | Scope=instance | Storage=String | ReadOnly=False | Shared=True | Id=7626178
INFO | Candidate: NWB_RoomID | Scope=instance | Storage=String | ReadOnly=False | Shared=True | Id=7626177
INFO | Writing INSTANCE parameter 'NWB_RoomID' on element 15239768
INFO | Element 15239768 | NWB_RoomID | Kind=Shared Parameter | Scope=instance | Storage=String | Old='WBH-W-04-149' | New='BIR.05.129'
INFO | Candidate: NWB_RoomName | Scope=instance | Storage=String | ReadOnly=False | Shared=True | Id=7626169
INFO | Writing INSTANCE parameter 'NWB_RoomName' on element 15239768
INFO | Element 15239768 | NWB_RoomName | Kind=Shared Parameter | Scope=instance | Storage=String | Old='Neonatal Bay, Intensive Care/High Dependency' | New='Staff Room, 35m2'
INFO | Candidate: NWB_System | Scope=instance | Storage=String | ReadOnly=False | Shared=True | Id=7626163
INFO | Candidate: NWB_UniclassCode | Scope=instance | Storage=String | ReadOnly=False | Shared=True | Id=7626165
INFO | Candidate: NWB_UniclassDescription | Scope=instance | Storage=String | ReadOnly=False | Shared=True | Id=7626166
INFO | Candidate: NWB_DesignPkg | Scope=instance | Storage=String | ReadOnly=False | Shared=True | Id=7626167
ERROR | Element 15239768 | Category=Flex Ducts | Family= | Parameter=NWB_BuildingPermitPkg | Reason=missing | Writable sample: AHU_AreaServed, AHU_Serves, AHU_Type, AHU_ZoneNumber, Building_No, COMPLETE Y/N, Classification.UniFormat.2010.Description, Classification.UniFormat.2010.Number, Comments, Diameter, Export to IFC, Export to IFC As, Family, Family and Type, Flex Pattern, IFC Predefined Type, IfcGUID, Image, Legend Description, Location
INFO | Candidate: NWB_WBS00 | Scope=instance | Storage=String | ReadOnly=False | Shared=True | Id=9214738
INFO | Candidate: NWB_WBS01 | Scope=instance | Storage=String | ReadOnly=False | Shared=True | Id=9214798
INFO | Candidate: NWB_WBS02 | Scope=instance | Storage=String | ReadOnly=False | Shared=True | Id=9214786
INFO | Candidate: NWB_WBS03 | Scope=instance | Storage=String | ReadOnly=False | Shared=True | Id=9214750
INFO | Writing INSTANCE parameter 'NWB_WBS03' on element 15239768
INFO | Element 15239768 | NWB_WBS03 | Kind=Shared Parameter | Scope=instance | Storage=String | Old='NEO' | New='BIR'
INFO | Candidate: NWB_WBS04 | Scope=instance | Storage=String | ReadOnly=False | Shared=True | Id=9214762
INFO | Candidate: NWB_WBS05 | Scope=instance | Storage=String | ReadOnly=False | Shared=True | Id=9214810
INFO | Candidate: NWB_WBSCode | Scope=instance | Storage=String | ReadOnly=False | Shared=True | Id=9214774
INFO | Writing INSTANCE parameter 'NWB_WBSCode' on element 15239768
INFO | Element 15239768 | NWB_WBSCode | Kind=Shared Parameter | Scope=instance | Storage=String | Old='WBH-HO-04-NEO-ME-SI5' | New='WBH-HO-04-BIR-ME-SI5'
SOURCE | Element 15239768 | Cat=Flex Ducts | Family=Flex Duct Round | Type= | Level=LEVEL 04 | System=Supply Air | LinkedRoomLink=NWB-ACD-WBH-MH-MOD-0001 | LinkedRoomNumber=BIR.05.129 | LinkedRoomName=Staff Room, 35m2 | LinkedRoomDept=Labour & Birth Suite | LinkedRoomBuilding= | LinkedRoomSite= | LinkedRoomSource=self | ResolvedDept=Labour & Birth Suite | ResolvedBuilding= | ResolvedSite= | DisciplineHint=mechanical | AssetCandidates=flex ducts, ductwork | WBS00=WBH | WBS01=HO | WBS03=BIR | DesignPkg=NWB-GEN-ME-SCM-1091-A | BuildingPermitPkg=WBH - BP09
ELEMENT | 15239768 | Cat=Flex Ducts | AssetScore=45 | AssetTypeCode=MDUC | AssetType=Ductwork | AssetCategory=Ductwork | Targets=NWB_AssetTypeCode=MDUC; NWB_AssetID=MDUC-HO-04-15239768; NWB_AssetType=Ductwork; NWB_Discipline=ME; NWB_Category=Ductwork; NWB_Department=Labour & Birth Suite; NWB_SubDepartment=03; NWB_RoomID=BIR.05.129; NWB_RoomName=Staff Room, 35m2; NWB_Material=; NWB_System=Supply Air; NWB_UniclassCode=Pr_65_65_25; NWB_UniclassDescription=Ductwork and fittings; NWB_DesignPkg=NWB-GEN-ME-SCM-1091-A; NWB_BuildingPermitPkg=WBH - BP09; NWB_WBS00=WBH; NWB_WBS01=HO; NWB_WBS02=04; NWB_WBS03=BIR; NWB_WBS04=ME; NWB_WBS05=SI5; NWB_WBSCode=WBH-HO-04-BIR-ME-SI5
INFO | Candidate: NWB_AssetTypeCode | Scope=instance | Storage=String | ReadOnly=False | Shared=True | Id=7626182
INFO | Candidate: NWB_AssetID | Scope=instance | Storage=String | ReadOnly=False | Shared=True | Id=7626164
INFO | Candidate: NWB_AssetType | Scope=instance | Storage=String | ReadOnly=False | Shared=True | Id=7626181
INFO | Candidate: NWB_Discipline | Scope=instance | Storage=String | ReadOnly=False | Shared=True | Id=7626159
INFO | Candidate: NWB_Category | Scope=instance | Storage=String | ReadOnly=False | Shared=True | Id=7626160
INFO | Candidate: NWB_RoomID | Scope=instance | Storage=String | ReadOnly=False | Shared=True | Id=7626177
INFO | Writing INSTANCE parameter 'NWB_RoomID' on element 15239772
INFO | Element 15239772 | NWB_RoomID | Kind=Shared Parameter | Scope=instance | Storage=String | Old='' | New='804'
INFO | Candidate: NWB_RoomName | Scope=instance | Storage=String | ReadOnly=False | Shared=True | Id=7626169
INFO | Writing INSTANCE parameter 'NWB_RoomName' on element 15239772
INFO | Element 15239772 | NWB_RoomName | Kind=Shared Parameter | Scope=instance | Storage=String | Old='' | New='Room'
INFO | Candidate: NWB_System | Scope=instance | Storage=String | ReadOnly=False | Shared=True | Id=7626163
INFO | Candidate: NWB_UniclassCode | Scope=instance | Storage=String | ReadOnly=False | Shared=True | Id=7626165
INFO | Candidate: NWB_UniclassDescription | Scope=instance | Storage=String | ReadOnly=False | Shared=True | Id=7626166
INFO | Candidate: NWB_DesignPkg | Scope=instance | Storage=String | ReadOnly=False | Shared=True | Id=7626167
ERROR | Element 15239772 | Category=Flex Ducts | Family= | Parameter=NWB_BuildingPermitPkg | Reason=missing | Writable sample: AHU_AreaServed, AHU_Serves, AHU_Type, AHU_ZoneNumber, Building_No, COMPLETE Y/N, Classification.UniFormat.2010.Description, Classification.UniFormat.2010.Number, Comments, Diameter, Export to IFC, Export to IFC As, Family, Family and Type, Flex Pattern, IFC Predefined Type, IfcGUID, Image, Legend Description, Location
INFO | Candidate: NWB_WBS00 | Scope=instance | Storage=String | ReadOnly=False | Shared=True | Id=9214738
INFO | Candidate: NWB_WBS01 | Scope=instance | Storage=String | ReadOnly=False | Shared=True | Id=9214798
INFO | Candidate: NWB_WBS02 | Scope=instance | Storage=String | ReadOnly=False | Shared=True | Id=9214786
INFO | Candidate: NWB_WBS03 | Scope=instance | Storage=String | ReadOnly=False | Shared=True | Id=9214750
INFO | Candidate: NWB_WBS04 | Scope=instance | Storage=String | ReadOnly=False | Shared=True | Id=9214762
INFO | Candidate: NWB_WBS05 | Scope=instance | Storage=String | ReadOnly=False | Shared=True | Id=9214810
INFO | Candidate: NWB_WBSCode | Scope=instance | Storage=String | ReadOnly=False | Shared=True | Id=9214774
SOURCE | Element 15239772 | Cat=Flex Ducts | Family=Flex Duct Round | Type= | Level=LEVEL 04 | System=Supply Air | LinkedRoomLink=NWB-MHT-WBH-EL-MOD-0001 | LinkedRoomNumber=804 | LinkedRoomName=Room | LinkedRoomDept= | LinkedRoomBuilding= | LinkedRoomSite= | LinkedRoomSource=self | ResolvedDept= | ResolvedBuilding= | ResolvedSite= | DisciplineHint=mechanical | AssetCandidates=flex ducts, ductwork | WBS00=WBH | WBS01=HO | WBS03=Z00 | DesignPkg=NWB-GEN-ME-SCM-1091-A | BuildingPermitPkg=WBH - BP09
WARN | Element 15239772 | Department unresolved | ExistingNWBDepartment= | ExistingWBS00=WBH | ExistingWBS01=HO | ExistingDiscipline=ME
ELEMENT | 15239772 | Cat=Flex Ducts | AssetScore=45 | AssetTypeCode=MDUC | AssetType=Ductwork | AssetCategory=Ductwork | Targets=NWB_AssetTypeCode=MDUC; NWB_AssetID=MDUC-HO-04-15239772; NWB_AssetType=Ductwork; NWB_Discipline=ME; NWB_Category=Ductwork; NWB_Department=; NWB_SubDepartment=; NWB_RoomID=804; NWB_RoomName=Room; NWB_Material=; NWB_System=Supply Air; NWB_UniclassCode=Pr_65_65_25; NWB_UniclassDescription=Ductwork and fittings; NWB_DesignPkg=NWB-GEN-ME-SCM-1091-A; NWB_BuildingPermitPkg=WBH - BP09; NWB_WBS00=WBH; NWB_WBS01=HO; NWB_WBS02=04; NWB_WBS03=Z00; NWB_WBS04=ME; NWB_WBS05=SI5; NWB_WBSCode=WBH-HO-04-Z00-ME-SI5
INFO | Candidate: NWB_AssetTypeCode | Scope=instance | Storage=String | ReadOnly=False | Shared=True | Id=7626182
INFO | Candidate: NWB_AssetID | Scope=instance | Storage=String | ReadOnly=False | Shared=True | Id=7626164
INFO | Candidate: NWB_AssetType | Scope=instance | Storage=String | ReadOnly=False | Shared=True | Id=7626181
INFO | Candidate: NWB_Discipline | Scope=instance | Storage=String | ReadOnly=False | Shared=True | Id=7626159
INFO | Candidate: NWB_Category | Scope=instance | Storage=String | ReadOnly=False | Shared=True | Id=7626160
INFO | Candidate: NWB_RoomID | Scope=instance | Storage=String | ReadOnly=False | Shared=True | Id=7626177
INFO | Writing INSTANCE parameter 'NWB_RoomID' on element 15239776
INFO | Element 15239776 | NWB_RoomID | Kind=Shared Parameter | Scope=instance | Storage=String | Old='' | New='799'
INFO | Candidate: NWB_RoomName | Scope=instance | Storage=String | ReadOnly=False | Shared=True | Id=7626169
INFO | Writing INSTANCE parameter 'NWB_RoomName' on element 15239776
INFO | Element 15239776 | NWB_RoomName | Kind=Shared Parameter | Scope=instance | Storage=String | Old='' | New='Room'
INFO | Candidate: NWB_System | Scope=instance | Storage=String | ReadOnly=False | Shared=True | Id=7626163
INFO | Candidate: NWB_UniclassCode | Scope=instance | Storage=String | ReadOnly=False | Shared=True | Id=7626165
INFO | Candidate: NWB_UniclassDescription | Scope=instance | Storage=String | ReadOnly=False | Shared=True | Id=7626166
INFO | Candidate: NWB_DesignPkg | Scope=instance | Storage=String | ReadOnly=False | Shared=True | Id=7626167
ERROR | Element 15239776 | Category=Flex Ducts | Family= | Parameter=NWB_BuildingPermitPkg | Reason=missing | Writable sample: AHU_AreaServed, AHU_Serves, AHU_Type, AHU_ZoneNumber, Building_No, COMPLETE Y/N, Classification.UniFormat.2010.Description, Classification.UniFormat.2010.Number, Comments, Diameter, Export to IFC, Export to IFC As, Family, Family and Type, Flex Pattern, IFC Predefined Type, IfcGUID, Image, Legend Description, Location
INFO | Candidate: NWB_WBS00 | Scope=instance | Storage=String | ReadOnly=False | Shared=True | Id=9214738
INFO | Candidate: NWB_WBS01 | Scope=instance | Storage=String | ReadOnly=False | Shared=True | Id=9214798
INFO | Candidate: NWB_WBS02 | Scope=instance | Storage=String | ReadOnly=False | Shared=True | Id=9214786
INFO | Candidate: NWB_WBS03 | Scope=instance | Storage=String | ReadOnly=False | Shared=True | Id=9214750
INFO | Candidate: NWB_WBS04 | Scope=instance | Storage=String | ReadOnly=False | Shared=True | Id=9214762
INFO | Candidate: NWB_WBS05 | Scope=instance | Storage=String | ReadOnly=False | Shared=True | Id=9214810
INFO | Candidate: NWB_WBSCode | Scope=instance | Storage=String | ReadOnly=False | Shared=True | Id=9214774
SOURCE | Element 15239776 | Cat=Flex Ducts | Family=Flex Duct Round | Type= | Level=LEVEL 04 | System=Supply Air | LinkedRoomLink=NWB-MHT-WBH-EL-MOD-0001 | LinkedRoomNumber=799 | LinkedRoomName=Room | LinkedRoomDept= | LinkedRoomBuilding= | LinkedRoomSite= | LinkedRoomSource=self | ResolvedDept= | ResolvedBuilding= | ResolvedSite= | DisciplineHint=mechanical | AssetCandidates=flex ducts, ductwork | WBS00=WBH | WBS01=HO | WBS03=Z00 | DesignPkg=NWB-GEN-ME-SCM-1091-A | BuildingPermitPkg=WBH - BP09
WARN | Element 15239776 | Department unresolved | ExistingNWBDepartment= | ExistingWBS00=WBH | ExistingWBS01=HO | ExistingDiscipline=ME
ELEMENT | 15239776 | Cat=Flex Ducts | AssetScore=45 | AssetTypeCode=MDUC | AssetType=Ductwork | AssetCategory=Ductwork | Targets=NWB_AssetTypeCode=MDUC; NWB_AssetID=MDUC-HO-04-15239776; NWB_AssetType=Ductwork; NWB_Discipline=ME; NWB_Category=Ductwork; NWB_Department=; NWB_SubDepartment=; NWB_RoomID=799; NWB_RoomName=Room; NWB_Material=; NWB_System=Supply Air; NWB_UniclassCode=Pr_65_65_25; NWB_UniclassDescription=Ductwork and fittings; NWB_DesignPkg=NWB-GEN-ME-SCM-1091-A; NWB_BuildingPermitPkg=WBH - BP09; NWB_WBS00=WBH; NWB_WBS01=HO; NWB_WBS02=04; NWB_WBS03=Z00; NWB_WBS04=ME; NWB_WBS05=SI5; NWB_WBSCode=WBH-HO-04-Z00-ME-SI5
INFO | Candidate: NWB_AssetTypeCode | Scope=instance | Storage=String | ReadOnly=False | Shared=True | Id=7626182
INFO | Candidate: NWB_AssetID | Scope=instance | Storage=String | ReadOnly=False | Shared=True | Id=7626164
INFO | Candidate: NWB_AssetType | Scope=instance | Storage=String | ReadOnly=False | Shared=True | Id=7626181
INFO | Candidate: NWB_Discipline | Scope=instance | Storage=String | ReadOnly=False | Shared=True | Id=7626159
INFO | Candidate: NWB_Category | Scope=instance | Storage=String | ReadOnly=False | Shared=True | Id=7626160
INFO | Candidate: NWB_RoomID | Scope=instance | Storage=String | ReadOnly=False | Shared=True | Id=7626177
INFO | Writing INSTANCE parameter 'NWB_RoomID' on element 15239780
INFO | Element 15239780 | NWB_RoomID | Kind=Shared Parameter | Scope=instance | Storage=String | Old='' | New='800'
INFO | Candidate: NWB_RoomName | Scope=instance | Storage=String | ReadOnly=False | Shared=True | Id=7626169
INFO | Writing INSTANCE parameter 'NWB_RoomName' on element 15239780
INFO | Element 15239780 | NWB_RoomName | Kind=Shared Parameter | Scope=instance | Storage=String | Old='' | New='Room'
INFO | Candidate: NWB_System | Scope=instance | Storage=String | ReadOnly=False | Shared=True | Id=7626163
INFO | Candidate: NWB_UniclassCode | Scope=instance | Storage=String | ReadOnly=False | Shared=True | Id=7626165
INFO | Candidate: NWB_UniclassDescription | Scope=instance | Storage=String | ReadOnly=False | Shared=True | Id=7626166
INFO | Candidate: NWB_DesignPkg | Scope=instance | Storage=String | ReadOnly=False | Shared=True | Id=7626167
ERROR | Element 15239780 | Category=Flex Ducts | Family= | Parameter=NWB_BuildingPermitPkg | Reason=missing | Writable sample: AHU_AreaServed, AHU_Serves, AHU_Type, AHU_ZoneNumber, Building_No, COMPLETE Y/N, Classification.UniFormat.2010.Description, Classification.UniFormat.2010.Number, Comments, Diameter, Export to IFC, Export to IFC As, Family, Family and Type, Flex Pattern, IFC Predefined Type, IfcGUID, Image, Legend Description, Location
INFO | Candidate: NWB_WBS00 | Scope=instance | Storage=String | ReadOnly=False | Shared=True | Id=9214738
INFO | Candidate: NWB_WBS01 | Scope=instance | Storage=String | ReadOnly=False | Shared=True | Id=9214798
INFO | Candidate: NWB_WBS02 | Scope=instance | Storage=String | ReadOnly=False | Shared=True | Id=9214786
INFO | Candidate: NWB_WBS03 | Scope=instance | Storage=String | ReadOnly=False | Shared=True | Id=9214750
INFO | Candidate: NWB_WBS04 | Scope=instance | Storage=String | ReadOnly=False | Shared=True | Id=9214762
INFO | Candidate: NWB_WBS05 | Scope=instance | Storage=String | ReadOnly=False | Shared=True | Id=9214810
INFO | Candidate: NWB_WBSCode | Scope=instance | Storage=String | ReadOnly=False | Shared=True | Id=9214774
SOURCE | Element 15239780 | Cat=Flex Ducts | Family=Flex Duct Round | Type= | Level=LEVEL 04 | System=Supply Air | LinkedRoomLink=NWB-MHT-WBH-EL-MOD-0001 | LinkedRoomNumber=800 | LinkedRoomName=Room | LinkedRoomDept= | LinkedRoomBuilding= | LinkedRoomSite= | LinkedRoomSource=self | ResolvedDept= | ResolvedBuilding= | ResolvedSite= | DisciplineHint=mechanical | AssetCandidates=flex ducts, ductwork | WBS00=WBH | WBS01=HO | WBS03=Z00 | DesignPkg=NWB-GEN-ME-SCM-1091-A | BuildingPermitPkg=WBH - BP09
WARN | Element 15239780 | Department unresolved | ExistingNWBDepartment= | ExistingWBS00=WBH | ExistingWBS01=HO | ExistingDiscipline=ME
ELEMENT | 15239780 | Cat=Flex Ducts | AssetScore=45 | AssetTypeCode=MDUC | AssetType=Ductwork | AssetCategory=Ductwork | Targets=NWB_AssetTypeCode=MDUC; NWB_AssetID=MDUC-HO-04-15239780; NWB_AssetType=Ductwork; NWB_Discipline=ME; NWB_Category=Ductwork; NWB_Department=; NWB_SubDepartment=; NWB_RoomID=800; NWB_RoomName=Room; NWB_Material=; NWB_System=Supply Air; NWB_UniclassCode=Pr_65_65_25; NWB_UniclassDescription=Ductwork and fittings; NWB_DesignPkg=NWB-GEN-ME-SCM-1091-A; NWB_BuildingPermitPkg=WBH - BP09; NWB_WBS00=WBH; NWB_WBS01=HO; NWB_WBS02=04; NWB_WBS03=Z00; NWB_WBS04=ME; NWB_WBS05=SI5; NWB_WBSCode=WBH-HO-04-Z00-ME-SI5
INFO | Transaction Status = Committed
CHUNK COMMIT | Status=Committed | Processed=7
INFO | VERIFY OK | Element 14429345 | Parameter=NWB_RoomID | Kind=Shared Parameter | Scope=instance | Id=7626177 | Actual='804'
INFO | VERIFY OK | Element 14429345 | Parameter=NWB_RoomName | Kind=Shared Parameter | Scope=instance | Id=7626169 | Actual='Room'
INFO | VERIFY OK | Element 14733025 | Parameter=NWB_RoomID | Kind=Shared Parameter | Scope=instance | Id=7626177 | Actual='800'
INFO | VERIFY OK | Element 14733025 | Parameter=NWB_RoomName | Kind=Shared Parameter | Scope=instance | Id=7626169 | Actual='Room'
INFO | VERIFY OK | Element 15239768 | Parameter=NWB_Department | Kind=Shared Parameter | Scope=instance | Id=7626168 | Actual='Labour & Birth Suite'
INFO | VERIFY OK | Element 15239768 | Parameter=NWB_RoomID | Kind=Shared Parameter | Scope=instance | Id=7626177 | Actual='BIR.05.129'
INFO | VERIFY OK | Element 15239768 | Parameter=NWB_RoomName | Kind=Shared Parameter | Scope=instance | Id=7626169 | Actual='Staff Room, 35m2'
INFO | VERIFY OK | Element 15239768 | Parameter=NWB_WBS03 | Kind=Shared Parameter | Scope=instance | Id=9214750 | Actual='BIR'
INFO | VERIFY OK | Element 15239768 | Parameter=NWB_WBSCode | Kind=Shared Parameter | Scope=instance | Id=9214774 | Actual='WBH-HO-04-BIR-ME-SI5'
INFO | VERIFY OK | Element 15239772 | Parameter=NWB_RoomID | Kind=Shared Parameter | Scope=instance | Id=7626177 | Actual='804'
INFO | VERIFY OK | Element 15239772 | Parameter=NWB_RoomName | Kind=Shared Parameter | Scope=instance | Id=7626169 | Actual='Room'
INFO | VERIFY OK | Element 15239776 | Parameter=NWB_RoomID | Kind=Shared Parameter | Scope=instance | Id=7626177 | Actual='799'
INFO | VERIFY OK | Element 15239776 | Parameter=NWB_RoomName | Kind=Shared Parameter | Scope=instance | Id=7626169 | Actual='Room'
INFO | VERIFY OK | Element 15239780 | Parameter=NWB_RoomID | Kind=Shared Parameter | Scope=instance | Id=7626177 | Actual='800'
INFO | VERIFY OK | Element 15239780 | Parameter=NWB_RoomName | Kind=Shared Parameter | Scope=instance | Id=7626169 | Actual='Room'
SUMMARY | Top unresolved / skipped reasons
SUMMARY | Count=4 | Category=Flex Ducts | Parameter=NWB_BuildingPermitPkg | Reason=missing
SUMMARY | Count=4 | Category=Flex Ducts | Parameter=NWB_Material | Reason=workbook material blank and model material missing
SUMMARY | Count=3 | Category=Flex Ducts | Parameter=NWB_Department | Reason=linked/direct room department unavailable (self)
SUMMARY | Count=3 | Category=Flex Ducts | Parameter=NWB_SubDepartment | Reason=linked/direct room subdepartment unavailable (self)
SUMMARY | Count=2 | Category=Air Terminals | Parameter=NWB_BuildingPermitPkg | Reason=missing
SUMMARY | Count=2 | Category=Air Terminals | Parameter=NWB_Material | Reason=workbook material blank and model material missing
SUMMARY | Count=1 | Category=Air Terminals | Parameter=NWB_Department | Reason=linked/direct room department unavailable (self)
SUMMARY | Count=1 | Category=Air Terminals | Parameter=NWB_SubDepartment | Reason=linked/direct room subdepartment unavailable (self)
SUMMARY | Count=1 | Category=Ducts | Parameter=NWB_BuildingPermitPkg | Reason=missing
SUMMARY | Count=1 | Category=Ducts | Parameter=NWB_Material | Reason=workbook material blank and model material missing
END | Attempted=15 | Written=15 | Skipped=139 | VerifyFailed=0 | SharedWrites=15 | FamilyWrites=0 | TypeWrites=0 | InstanceWrites=15 | ReadOnly=0 | MissingTarget=7 | SkipTargetMode=0 | DuplicateParameter=0 | SkipWorksharing=0 | Failed=0 | Cancelled=False
