START | Tool=NWB_PARAMETERS AutoFill
START | View=MECHANICAL DUCTWORK LAYOUT - LEVEL 04
START | ViewId=9422962
START | ViewMode=model
START | WriteMode=smart
START | ParameterTargetMode=Both
START | WorksharingMode=skip-other-users
START | ProcessingScope=selection
START | SelectedInputCount=1
START | ArchRoomLink=NWB-ARC-WBH-AR-MOD-0033.rvt : 23 : location Internal
START | SiteOverride=WBH
START | BuildingOverride=WBH
START | DesignPkgOverride=
START | BuildingPermitOverride=
START | ExportAudit=False
WORKBOOK | C:\Users\Gino Moreno\AppData\Roaming\pyRevit\Extensions\MHTTools.extension\MEINHARDT.tab\NWB.panel\NWB Dim AutoFill.pushbutton\NWB-WAL-GEN-DE-REG-0003.xlsx
READY | Full MEP set accepted: 1 elements in batches of 2000
READY | Elements=1 | AssetRows=1464 | Log=C:\Users\Gino Moreno\AppData\Roaming\pyRevit\Extensions\MHTTools.extension\MEINHARDT.tab\NWB.panel\NWB_PARAMETERS AutoFill.pushbutton\logs\NWB_PARAMETERS_AutoFill_20260822_015452.log
READY | CategoryBreakdown=Ducts=1
READY | EligibleElementIds=17366832
INFO | Candidate: NWB_AssetTypeCode | Scope=instance | Storage=String | ReadOnly=False | Shared=True | Id=7626182
INFO | Candidate: NWB_AssetID | Scope=instance | Storage=String | ReadOnly=False | Shared=True | Id=7626164
INFO | Candidate: NWB_AssetType | Scope=instance | Storage=String | ReadOnly=False | Shared=True | Id=7626181
INFO | Candidate: NWB_Discipline | Scope=instance | Storage=String | ReadOnly=False | Shared=True | Id=7626159
INFO | Candidate: NWB_Category | Scope=instance | Storage=String | ReadOnly=False | Shared=True | Id=7626160
INFO | Candidate: NWB_Department | Scope=instance | Storage=String | ReadOnly=False | Shared=True | Id=7626168
INFO | Writing INSTANCE parameter 'NWB_Department' on element 17366832
INFO | Element 17366832 | NWB_Department | Kind=Shared Parameter | Scope=instance | Storage=String | Old='' | New='NEO'
INFO | Candidate: NWB_SubDepartment | Scope=instance | Storage=String | ReadOnly=False | Shared=True | Id=7626178
INFO | Writing INSTANCE parameter 'NWB_SubDepartment' on element 17366832
INFO | Element 17366832 | NWB_SubDepartment | Kind=Shared Parameter | Scope=instance | Storage=String | Old='' | New='IC'
INFO | Candidate: NWB_RoomID | Scope=instance | Storage=String | ReadOnly=False | Shared=True | Id=7626177
INFO | Writing INSTANCE parameter 'NWB_RoomID' on element 17366832
INFO | Element 17366832 | NWB_RoomID | Kind=Shared Parameter | Scope=instance | Storage=String | Old='' | New='WBH-W-04-C32'
INFO | Candidate: NWB_RoomName | Scope=instance | Storage=String | ReadOnly=False | Shared=True | Id=7626169
INFO | Writing INSTANCE parameter 'NWB_RoomName' on element 17366832
INFO | Element 17366832 | NWB_RoomName | Kind=Shared Parameter | Scope=instance | Storage=String | Old='' | New='Corridor'
INFO | Candidate: NWB_System | Scope=instance | Storage=String | ReadOnly=False | Shared=True | Id=7626163
INFO | Candidate: NWB_UniclassCode | Scope=instance | Storage=String | ReadOnly=False | Shared=True | Id=7626165
INFO | Candidate: NWB_UniclassDescription | Scope=instance | Storage=String | ReadOnly=False | Shared=True | Id=7626166
INFO | Candidate: NWB_DesignPkg | Scope=instance | Storage=String | ReadOnly=False | Shared=True | Id=7626167
ERROR | Element 17366832 | Category=Ducts | Family= | Parameter=NWB_BuildingPermitPkg | Reason=missing | Writable sample: AHU, AHU_AreaServed, AHU_Serves, AHU_Type, AHU_ZoneNumber, Building_No, COMPLETE Y/N, Classification.OmniClass.21.Description_INSTANCE, Classification.OmniClass.21.Number_INSTANCE, Classification.OmniClass.22.Description_INSTANCE, Classification.OmniClass.22.Number_INSTANCE, Classification.OmniClass.23.Description_INSTANCE, Classification.OmniClass.23.Number_INSTANCE, Classification.UniFormat.2010.Description, Classification.UniFormat.2010.Number, Comments, DUCT NUMBER, Description BOM Suffix, Duct Number, Ductwork Insulation - Lining
INFO | Candidate: NWB_WBS00 | Scope=instance | Storage=String | ReadOnly=False | Shared=True | Id=9214738
INFO | Candidate: NWB_WBS01 | Scope=instance | Storage=String | ReadOnly=False | Shared=True | Id=9214798
INFO | Candidate: NWB_WBS02 | Scope=instance | Storage=String | ReadOnly=False | Shared=True | Id=9214786
INFO | Candidate: NWB_WBS03 | Scope=instance | Storage=String | ReadOnly=False | Shared=True | Id=9214750
INFO | Writing INSTANCE parameter 'NWB_WBS03' on element 17366832
INFO | Element 17366832 | NWB_WBS03 | Kind=Shared Parameter | Scope=instance | Storage=String | Old='Z00' | New='NEO'
INFO | Candidate: NWB_WBS04 | Scope=instance | Storage=String | ReadOnly=False | Shared=True | Id=9214762
INFO | Candidate: NWB_WBS05 | Scope=instance | Storage=String | ReadOnly=False | Shared=True | Id=9214810
INFO | Candidate: NWB_WBSCode | Scope=instance | Storage=String | ReadOnly=False | Shared=True | Id=9214774
INFO | Writing INSTANCE parameter 'NWB_WBSCode' on element 17366832
INFO | Element 17366832 | NWB_WBSCode | Kind=Shared Parameter | Scope=instance | Storage=String | Old='WBH-HO-04-Z00-ME-SI5' | New='WBH-HO-04-NEO-ME-SI5'
SOURCE | Element 17366832 | Cat=Ducts | Family=Rectangular Duct | Type= | Level=LEVEL 04 | System=Supply Air | LinkedRoomLink=NWB-ARC-WBH-AR-MOD-0033 | LinkedRoomNumber=WBH-W-04-C32 | LinkedRoomName=Corridor | LinkedRoomDept=NEO | LinkedRoomBuilding= | LinkedRoomSite= | LinkedRoomSource=self | ResolvedDept=NEO | ResolvedBuilding= | ResolvedSite= | DisciplineHint=mechanical | AssetCandidates=ducts, ductwork | WBS00=WBH | WBS01=HO | WBS03=NEO | DesignPkg=NWB-GEN-ME-SCM-1091-A | BuildingPermitPkg=WBH - BP09
ELEMENT | 17366832 | Cat=Ducts | AssetScore=45 | AssetTypeCode=MDUC | AssetType=Ductwork | AssetCategory=Ductwork | Targets=NWB_AssetTypeCode=MDUC; NWB_AssetID=MDUC-HO-04-17366832; NWB_AssetType=Ductwork; NWB_Discipline=ME; NWB_Category=Ductwork; NWB_Department=NEO; NWB_SubDepartment=IC; NWB_RoomID=WBH-W-04-C32; NWB_RoomName=Corridor; NWB_Material=; NWB_System=Supply Air; NWB_UniclassCode=Pr_65_65_25; NWB_UniclassDescription=Ductwork and fittings; NWB_DesignPkg=NWB-GEN-ME-SCM-1091-A; NWB_BuildingPermitPkg=WBH - BP09; NWB_WBS00=WBH; NWB_WBS01=HO; NWB_WBS02=04; NWB_WBS03=NEO; NWB_WBS04=ME; NWB_WBS05=SI5; NWB_WBSCode=WBH-HO-04-NEO-ME-SI5
INFO | Transaction Status = Committed
CHUNK COMMIT | Status=Committed | Processed=1
INFO | VERIFY OK | Element 17366832 | Parameter=NWB_Department | Kind=Shared Parameter | Scope=instance | Id=7626168 | Actual='NEO'
INFO | VERIFY OK | Element 17366832 | Parameter=NWB_SubDepartment | Kind=Shared Parameter | Scope=instance | Id=7626178 | Actual='IC'
INFO | VERIFY OK | Element 17366832 | Parameter=NWB_RoomID | Kind=Shared Parameter | Scope=instance | Id=7626177 | Actual='WBH-W-04-C32'
INFO | VERIFY OK | Element 17366832 | Parameter=NWB_RoomName | Kind=Shared Parameter | Scope=instance | Id=7626169 | Actual='Corridor'
INFO | VERIFY OK | Element 17366832 | Parameter=NWB_WBS03 | Kind=Shared Parameter | Scope=instance | Id=9214750 | Actual='NEO'
INFO | VERIFY OK | Element 17366832 | Parameter=NWB_WBSCode | Kind=Shared Parameter | Scope=instance | Id=9214774 | Actual='WBH-HO-04-NEO-ME-SI5'
SUMMARY | Top unresolved / skipped reasons
SUMMARY | Count=1 | Category=Ducts | Parameter=NWB_BuildingPermitPkg | Reason=missing
SUMMARY | Count=1 | Category=Ducts | Parameter=NWB_Material | Reason=workbook material blank and model material missing
END | Attempted=6 | Written=6 | Skipped=16 | VerifyFailed=0 | SharedWrites=6 | FamilyWrites=0 | TypeWrites=0 | InstanceWrites=6 | ReadOnly=0 | MissingTarget=1 | SkipTargetMode=0 | DuplicateParameter=0 | SkipWorksharing=0 | Failed=0 | Cancelled=False
